// Jest Snapshot v1, https://goo.gl/fbAQLP

exports[`SearchForm render snapshot 1`] = `
<form
  class="searchForm"
>
  <label
    class="label"
    for="search"
  >
    Search:
  </label>
  Â 
  <input
    class="input"
    id="search"
    type="text"
    value="React"
  />
  <button
    class="button buttonLarge"
    type="submit"
  >
    Submit
  </button>
</form>
`;
